Court House Hotel
--> census_year: 2020 || block_id: 369 || property_id: 103507 || base_property_id: 103507 || building_address: Court House Hotel 86-90 Errol Street NORTH MELBOURNE VIC 3051 || clue_small_area: North Melbourne || business_address: Court House Hotel 86-90 Errol Street NORTH MELBOURNE VIC 3051 || trading_name: Court House Hotel || industry_code: 4520 || industry_description: Pubs, Taverns and Bars || seating_type: Seats - Indoor || number_of_seats: 100 || longitude: 144.94996 || latitude: -37.80288 || 
Doughboys Doughnuts
--> census_year: 2020 || block_id: 42 || property_id: 101156 || base_property_id: 101155 || building_address: 535 Bourke Street MELBOURNE VIC 3000 || clue_small_area: Melbourne (CBD) || business_address: Shop 1B, 535 Bourke Street MELBOURNE VIC 3000 || trading_name: Doughboys Doughnuts || industry_code: 4511 || industry_description: Cafes and Restaurants || seating_type: Seats - Outdoor || number_of_seats: 24 || longitude: 144.95781 || latitude: -37.81637 || 
